---
source: zellij-server/src/./unit/screen_tests.rs
assertion_line: 1869
expression: "format!(\"{:?}\", * received_pty_instructions.lock().unwrap())"
---
[SpawnSplitTerminal(None, None, 10, Vertical), UpdateActivePane(Some(Terminal(0)), 1), UpdateActivePane(Some(Terminal(0)), 1), Exit]
